Script started on Sat Jun 23 11:13:42 2018
$ gitcheckout -b annettebeatty      
/bin/ksh: gitcheckout: not found
$ ^[k[  ^[kk[k   gi  t checkout -b annette
Switched to a new branch 'annette'
$ vi food       git pull org ign in master
Enter passphrase for key '/Users/abeatty/.ssh/id_rsa': 
remote: Counting objects: 3, done.[K
remote: Compressing objects:  50% (1/2)   [Kremote: Compressing objects: 100% (2/2)   [Kremote: Compressing objects: 100% (2/2), done.[K
remote: Total 3 (delta 0), reused 0 (delta 0), pack-reused 0[K
Unpacking objects:  33% (1/3)   Unpacking objects:  66% (2/3)   Unpacking objects: 100% (3/3)   Unpacking objects: 100% (3/3), done.
From github.com:johndavidbeatty/GroupProject
 * branch            master     -> FETCH_HEAD
   c652c29..3f9586e  master     -> origin/master
Updating c652c29..3f9586e
Fast-forward
 index.html | 1 [32m+[m
 1 file changed, 1 insertion(+)
 create mode 100644 index.html
$ vi index.thml    html
[?2004h[?1049h[?1h=[?2004h[1;24r[?12h[?12l[27m[29m[m[H[2J[?25l[24;1H"index.html" 1L, 1C[2;1Hâ–½[6n[2;1H  [1;1H[>c]11;?[2;1H[94m~                                                                               [3;1H~                                                                               [4;1H~                                                                               [5;1H~                                                                               [6;1H~                                                                               [7;1H~                                                                               [8;1H~                                                                               [9;1H~                                                                               [10;1H~                                                                               [11;1H~                                                                               [12;1H~                                                                               [13;1H~                                                                               [14;1H~                                                                               [15;1H~                                                                               [16;1H~                                                                               [17;1H~                                                                               [18;1H~                                                                               [19;1H~                                                                               [20;1H~                                                                               [21;1H~                                                                               [22;1H~                                                                               [23;1H~                                                                               [1;1H[?25h[?25l[m[24;1H[1m-- INSERT --[m[24;14H[K[1;1H[?25h[?25ln[?25h[?25ln[?25h[?25le[?25h[?25lt[?25h[?25lt[?25h[?25le[?25h[?25l[1;6H[K[1;6H[?25h[?25l[1;5H[K[1;5H[?25h[?25l[1;4H[K[1;4H[?25h[?25l[1;3H[K[1;3H[?25h[?25l[1;2H[K[1;2H[?25h[?25l[1;1H[K[1;1H[?25h[?25lA[?25h[?25ln[?25h[?25ln[?25h[?25le[?25h[?25lt[?25h[?25lt[?25h[?25le[?25h[?25l [?25h[?25la[?25h[?25lw[?25h[?25l[1;10H[K[1;10H[?25h[?25lw[?25h[?25la[?25h[?25l[1;11H[K[1;11H[?25h[?25l[1;10H[K[1;10H[?25h[?25l[1;9H[K[1;9H[?25h[?25lw[?25h[?25la[?25h[?25ls[?25h[?25l [?25h[?25lh[?25h[?25le[?25h[?25lr[?25h[?25le[?25h[24;1H[K[1;16H[?25l[?25h[?25l[24;1H:[?2004h[?25hw[?25l"index.html" 1L, 17C written[1;16H[?25h[?25l[24;1H[K[24;1H:[?2004h[?25hq[?25l[?2004l[24;1H[K[24;1H[?2004l[?1l>[?25h[?1049l$ git push origin annette
Enter passphrase for key '/Users/abeatty/.ssh/id_rsa': 
Total 0 (delta 0), reused 0 (delta 0)
To github.com:johndavidbeatty/GroupProject.git
 * [new branch]      annette -> annette
$ pwd
/Users/abeatty/Documents/ucsd/web boot camp/code/GroupProject
$ vi ide  ndenx.   x.html
[?2004h[?1049h[?1h=[?2004h[1;24r[?12h[?12l[27m[29m[m[H[2J[?25l[24;1H"index.html" 1L, 17C[2;1Hâ–½[6n[2;1H  [1;1H[>c]11;?[1;1HAnnette was here
[94m~                                                                               [3;1H~                                                                               [4;1H~                                                                               [5;1H~                                                                               [6;1H~                                                                               [7;1H~                                                                               [8;1H~                                                                               [9;1H~                                                                               [10;1H~                                                                               [11;1H~                                                                               [12;1H~                                                                               [13;1H~                                                                               [14;1H~                                                                               [15;1H~                                                                               [16;1H~                                                                               [17;1H~                                                                               [18;1H~                                                                               [19;1H~                                                                               [20;1H~                                                                               [21;1H~                                                                               [22;1H~                                                                               [23;1H~                                                                               [1;1H[?25h[?25l[m[24;1H[K[24;1H:[?2004h[?25hq![?25l[?2004l[24;1H[K[24;1H[?2004l[?1l>[?25h[?1049l$ c git commit -            git 