Script started on Sat Jun 23 11:13:42 2018
$ gitcheckout -b annettebeatty      
/bin/ksh: gitcheckout: not found
$ ^[k[  ^[kk[k   gi  t checkout -b annette
Switched to a new branch 'annette'
$ vi food       git pull org ign in master
Enter passphrase for key '/Users/abeatty/.ssh/id_rsa': 
remote: Counting objects: 3, done.[K
remote: Compressing objects:  50% (1/2)   [Kremote: Compressing objects: 100% (2/2)   [Kremote: Compressing objects: 100% (2/2), done.[K
remote: Total 3 (delta 0), reused 0 (delta 0), pack-reused 0[K
Unpacking objects:  33% (1/3)   Unpacking objects:  66% (2/3)   Unpacking objects: 100% (3/3)   Unpacking objects: 100% (3/3), done.
From github.com:johndavidbeatty/GroupProject
 * branch            master     -> FETCH_HEAD
   c652c29..3f9586e  master     -> origin/master
Updating c652c29..3f9586e
Fast-forward
 index.html | 1 [32m+[m
 1 file changed, 1 insertion(+)
 create mode 100644 index.html
$ vi index.thml    html
[?2004h[?1049h[?1h=[?2004h[1;24r[?12h[?12l[27m[29m[m[H[2J[?25l[24;1H"index.html" 1L, 1C[2;1Hâ–½[6n[2;1H  [1;1H[>c]11;?[2;1H[94m~                                                                               [3;1H~                                                                               [4;1H~                                                                               [5;1H~                                                                               [6;1H~                                                                               [7;1H~                                                                               [8;1H~                                                                               [9;1H~                                                                               [10;1H~                                                                               [11;1H~                                                                               [12;1H~                                                                               [13;1H~                                                                               [14;1H~                                                                               [15;1H~                                                                               [16;1H~                                                                               [17;1H~                                                                               [18;1H~                                                                               [19;1H~                                                                               [20;1H~                                                                               [21;1H~                                                                               [22;1H~                                                                               [23;1H~                                                                               [1;1H[?25h[?25l[m[24;1H[1m-- INSERT --[m[24;14H[K[1;1H[?25h[?25ln[?25h[?25ln[?25h[?25le[?25h[?25lt[?25h[?25lt[?25h[?25le[?25h[?25l[1;6H[K[1;6H[?25h[?25l[1;5H[K[1;5H[?25h[?25l[1;4H[K[1;4H[?25h[?25l[1;3H[K[1;3H[?25h[?25l[1;2H[K[1;2H[?25h[?25l[1;1H[K[1;1H[?25h[?25lA[?25h[?25ln[?25h[?25ln[?25h[?25le[?25h[?25lt[?25h[?25lt[?25h[?25le[?25h[?25l [?25h[?25la[?25h[?25lw[?25h[?25l[1;10H[K[1;10H[?25h[?25lw[?25h[?25la[?25h[?25l[1;11H[K[1;11H[?25h[?25l[1;10H[K[1;10H[?25h[?25l[1;9H[K[1;9H[?25h[?25lw[?25h[?25la[?25h[?25ls[?25h[?25l [?25h[?25lh[?25h[?25le[?25h[?25lr[?25h[?25le[?25h[24;1H[K[1;16H[?25l[?25h[?25l[24;1H:[?2004h[?25hw[?25l"index.html" 1L, 17C written[1;16H[?25h[?25l[24;1H[K[24;1H:[?2004h[?25hq[?25l[?2004l[24;1H[K[24;1H[?2004l[?1l>[?25h[?1049l$ git push origin annette
Enter passphrase for key '/Users/abeatty/.ssh/id_rsa': 
Total 0 (delta 0), reused 0 (delta 0)
To github.com:johndavidbeatty/GroupProject.git
 * [new branch]      annette -> annette
$ pwd
/Users/abeatty/Documents/ucsd/web boot camp/code/GroupProject
$ vi ide  ndenx.   x.html
[?2004h[?1049h[?1h=[?2004h[1;24r[?12h[?12l[27m[29m[m[H[2J[?25l[24;1H"index.html" 1L, 17C[2;1Hâ–½[6n[2;1H  [1;1H[>c]11;?[1;1HAnnette was here
[94m~                                                                               [3;1H~                                                                               [4;1H~                                                                               [5;1H~                                                                               [6;1H~                                                                               [7;1H~                                                                               [8;1H~                                                                               [9;1H~                                                                               [10;1H~                                                                               [11;1H~                                                                               [12;1H~                                                                               [13;1H~                                                                               [14;1H~                                                                               [15;1H~                                                                               [16;1H~                                                                               [17;1H~                                                                               [18;1H~                                                                               [19;1H~                                                                               [20;1H~                                                                               [21;1H~                                                                               [22;1H~                                                                               [23;1H~                                                                               [1;1H[?25h[?25l[m[24;1H[K[24;1H:[?2004h[?25hq![?25l[?2004l[24;1H[K[24;1H[?2004l[?1l>[?25h[?1049l$ c git commit -            git add *
$ git commit -m 
error: switch `m' requires a value
usage: git commit [<options>] [--] <pathspec>...

    -q, --quiet           suppress summary after successful commit
    -v, --verbose         show diff in commit message template

Commit message options
    -F, --file <file>     read message from file
    --author <author>     override author for commit
    --date <date>         override date for commit
    -m, --message <message>
                          commit message
    -c, --reedit-message <commit>
                          reuse and edit message from specified commit
    -C, --reuse-message <commit>
                          reuse message from specified commit
    --fixup <commit>      use autosquash formatted message to fixup specified commit
    --squash <commit>     use autosquash formatted message to squash specified commit
    --reset-author        the commit is authored by me now (used with -C/-c/--amend)
    -s, --signoff         add Signed-off-by:
    -t, --template <file>
                          use specified template file
    -e, --edit            force edit of commit
    --cleanup <default>   how to strip spaces and #comments from message
    --status              include status in commit message template
    -S, --gpg-sign[=<key-id>]
                          GPG sign commit

Commit contents options
    -a, --all             commit all changed files
    -i, --include         add specified files to index for commit
    --interactive         interactively add files
    -p, --patch           interactively add changes
    -o, --only            commit only specified files
    -n, --no-verify       bypass pre-commit and commit-msg hooks
    --dry-run             show what would be committed
    --short               show status concisely
    --branch              show branch information
    --porcelain           machine-readable output
    --long                show status in long format (default)
    -z, --null            terminate entries with NUL
    --amend               amend previous commit
    --no-post-rewrite     bypass post-rewrite hook
    -u, --untracked-files[=<mode>]
                          show untracked files, optional modes: all, normal, no. (Default: all)

$ ^[kk[k   git commit -m "Annette's push"
[annette 5be0b3b] Annette's push
 2 files changed, 31 insertions(+), 1 deletion(-)
 create mode 100644 typescript
$ git push origin annette
Enter passphrase for key '/Users/abeatty/.ssh/id_rsa': 
Counting objects: 4, done.
Delta compression using up to 4 threads.
Compressing objects:  33% (1/3)   Compressing objects:  66% (2/3)   Compressing objects: 100% (3/3)   Compressing objects: 100% (3/3), done.
Writing objects:  25% (1/4)   Writing objects:  50% (2/4)   Writing objects:  75% (3/4)   Writing objects: 100% (4/4)   Writing objects: 100% (4/4), 1.38 KiB | 1.38 MiB/s, done.
Total 4 (delta 0), reused 0 (delta 0)
To github.com:johndavidbeatty/GroupProject.git
   3f9586e..5be0b3b  annette -> annette
$ vi foo
[?2004h[?1049h[?1h=[?2004h[1;24r[?12h[?12l[27m[29m[m[H[2J[?25l[24;1H"foo" 0L, 0C[2;1Hâ–½[6n[2;1H  [1;1H[>c]11;?[2;1H[94m~                                                                               [3;1H~                                                                               [4;1H~                                                                               [5;1H~                                                                               [6;1H~                                                                               [7;1H~                                                                               [8;1H~                                                                               [9;1H~                                                                               [10;1H~                                                                               [11;1H~                                                                               [12;1H~                                                                               [13;1H~                                                                               [14;1H~                                                                               [15;1H~                                                                               [16;1H~                                                                               [17;1H~                                                                               [18;1H~                                                                               [19;1H~                                                                               [20;1H~                                                                               [21;1H~                                                                               [22;1H~                                                                               [23;1H~                                                                               [1;1H[?25h[?25l[m[24;1H[1m-- INSERT --[1;1H[?25h[?25l[mA[?25h[?25ln[?25h[?25ln[?25h[?25le[?25h[?25lt[?25h[?25lt[?25h[?25le[?25h[?25l [?25h[?25lw[?25h[?25la[?25h[?25ls[?25h[?25l [?25h[?25le[?25h[?25lr[?25h[?25le[?25h[?25l[1;15H[K[1;15H[?25h[?25l[1;14H[K[1;14H[?25h[?25l[1;13H[K[1;13H[?25h[?25lh[?25h[?25le[?25h[?25lr[?25h[?25le[?25h[?25l`[?25h[?25l[1;17H[K[1;17H[?25h[24;1H[K[1;16H[?25l[?25h[?25l[24;1H:[?2004h[?25hw[?25l"foo" 1L, 17C written[1;16H[?25h[?25l[24;1H[K[24;1H:[?2004h[?25hq[?25l[?2004l[24;1H[K[24;1H[?2004l[?1l>[?25h[?1049l$ git add foo
$ ti  git commit -m "Added foo stuff"
[annette d3c07af] Added foo stuff
 1 file changed, 1 insertion(+)
$ git mer   puhs    sh origin annette
Enter passphrase for key '/Users/abeatty/.ssh/id_rsa': 
Counting objects: 2, done.
Delta compression using up to 4 threads.
Compressing objects:  50% (1/2)   Compressing objects: 100% (2/2)   Compressing objects: 100% (2/2), done.
Writing objects:  50% (1/2)   Writing objects: 100% (2/2)   Writing objects: 100% (2/2), 307 bytes | 307.00 KiB/s, done.
Total 2 (delta 0), reused 0 (delta 0)
To github.com:johndavidbeatty/GroupProject.git
   5be0b3b..d3c07af  annette -> annette
$ pwd
/Users/abeatty/Documents/ucsd/web boot camp/code/GroupProject
$ ls
README.md	foo		index.html	typescript
$ fig   gi  t pull oriig  gin master
Enter passphrase for key '/Users/abeatty/.ssh/id_rsa': 
remote: Counting objects: 18, done.[K
remote: Compressing objects:   7% (1/14)   [Kremote: Compressing objects:  14% (2/14)   [Kremote: Compressing objects:  21% (3/14)   [Kremote: Compressing objects:  28% (4/14)   [Kremote: Compressing objects:  35% (5/14)   [Kremote: Compressing objects:  42% (6/14)   [Kremote: Compressing objects:  50% (7/14)   [Kremote: Compressing objects:  57% (8/14)   [Kremote: Compressing objects:  64% (9/14)   [Kremote: Compressing objects:  71% (10/14)   [Kremote: Compressing objects:  78% (11/14)   [Kremote: Compressing objects:  85% (12/14)   [Kremote: Compressing objects:  92% (13/14)   [Kremote: Compressing objects: 100% (14/14)   [Kremote: Compressing objects: 100% (14/14), done.[K
remote: Total 18 (delta 4), reused 4 (delta 0), pack-reused 0[K
Unpacking objects:   5% (1/18)   Unpacking objects:  11% (2/18)   Unpacking objects:  16% (3/18)   Unpacking objects:  22% (4/18)   Unpacking objects:  27% (5/18)   Unpacking objects:  33% (6/18)   Unpacking objects:  38% (7/18)   Unpacking objects:  44% (8/18)   Unpacking objects:  50% (9/18)   Unpacking objects:  55% (10/18)   Unpacking objects:  61% (11/18)   Unpacking objects:  66% (12/18)   Unpacking objects:  72% (13/18)   Unpacking objects:  77% (14/18)   Unpacking objects:  83% (15/18)   Unpacking objects:  88% (16/18)   Unpacking objects:  94% (17/18)   Unpacking objects: 100% (18/18)   Unpacking objects: 100% (18/18), done.
From github.com:johndavidbeatty/GroupProject
 * branch            master     -> FETCH_HEAD
   3f9586e..91ad155  master     -> origin/master
Updating d3c07af..91ad155
Fast-forward
 foo        | 4 [32m++++[m
 index.html | 5 [32m+++++[m
 2 files changed, 9 insertions(+)
$ ls
README.md	foo		index.html	typescript
$ 

Script done on Sat Jun 23 11:39:04 2018
